eeschema (2013-07-07 BZR 4022)-stable  >> Creation date: 11/14/2014 5:21:57 PM
#Cmp ( order = Reference )
| C1         3.3pF       
| C2         3.3pF       
| C3         10pF        
| C4         4.7uF       
| C5         1nF         
| C6         33pF        
| C7         22pF        
| C8         10nF        
| C9         100pF       
| C10        56pF        
| C11        100pF       
| C12        10uF        
| C13        220nF       
| C14        2.7pF       
| C15        1.2pF       
| C16        220nF       
| C17        100pF       
| C18        220nF       
| C19        220nF       
| C20        220nF       
| C21        220nF       
| C22        150nF       
| C23        9pF         
| C24        9pF         
| C25        220nF       
| C26        220nF       
| L1         6.8nH       
| L2         3nH         
| L3         6.8nH       
| L4         1.3nH       
| L5         3.3nH       
| L6         4.7nH       
| L7         3.3nH       
| L8         6.2nH       
| L9         12nH        
| L10        47nH        
| P1         CONN_1      
| P2         CONN_7      
| R1         50          
| R2         50          
| R3         36k         
| R4         100K        
| U1         SE2435L     
| U2         ADF7023     
| X1         CRYSTAL     
#End Cmp

#Cmp ( order = Value )
| 1.2pF        C15       
| 2.7pF        C14       
| 3.3pF        C1        
| 3.3pF        C2        
| 9pF          C23       
| 9pF          C24       
| 10pF         C3        
| 22pF         C7        
| 33pF         C6        
| 56pF         C10       
| 100pF        C9        
| 100pF        C11       
| 100pF        C17       
| 1nF          C5        
| 10nF         C8        
| 150nF        C22       
| 220nF        C13       
| 220nF        C16       
| 220nF        C18       
| 220nF        C19       
| 220nF        C20       
| 220nF        C21       
| 220nF        C25       
| 220nF        C26       
| 4.7uF        C4        
| 10uF         C12       
| 1.3nH        L4        
| 3nH          L2        
| 3.3nH        L5        
| 3.3nH        L7        
| 4.7nH        L6        
| 6.2nH        L8        
| 6.8nH        L1        
| 6.8nH        L3        
| 12nH         L9        
| 47nH         L10       
| CONN_1       P1        
| CONN_7       P2        
| 50           R1        
| 50           R2        
| 36k          R3        
| 100K         R4        
| ADF7023      U2        
| SE2435L      U1        
| CRYSTAL      X1        
#End Cmp

#End List
